┃                   [0m[34m(((((((((([37m  [34m(((((((((([37m                      ┃
┃                   [34m(((((((((([37m  [34m(((((((((([37m                      ┃
┃                   [34m(((((((((([37m  [34m(((((((((([37m                      ┃
┃                   [34m(((((((((([37m  [34m(((((((((([37m                      ┃
┃                                                               ┃
┃                   [34m(((((((((([37m  [34m(((((((((([37m                      ┃
┃                   [34m(((((((((([37m  [34m(((((((((([37m                      ┃
┃                   [34m(((((((((([37m  [34m(((((((((([37m                      ┃
┃                   [34m(((((((((([37m  [34m(((((((((([37m                      ┃